Mono path[0] = 'D:/xiazai/GAME HOME/Escape from Duckov/Duckov_Data/Managed'
Mono config path = 'D:/xiazai/GAME HOME/Escape from Duckov/MonoBleedingEdge/etc'
Input System module state changed to: Initialized.
[PhysX] Initialized MultithreadedTaskDispatcher with 20 workers.
Initialize engine version: 2022.3.62f2 (7670c08855a9)
[Subsystems] Discovering subsystems at path D:/xiazai/GAME HOME/Escape from Duckov/Duckov_Data/UnitySubsystems
GfxDevice: creating device client; threaded=1; jobified=0
Direct3D:
    Version:  Direct3D 11.0 [level 11.1]
    Renderer: NVIDIA GeForce RTX 3060 Laptop GPU (ID=0x2560)
    Vendor:   NVIDIA
    VRAM:     5996 MB
    Driver:   32.0.15.7283
Begin MonoManager ReloadAssembly
- Loaded All Assemblies, in  0.192 seconds
- Finished resetting the current domain, in  0.001 seconds
<RI> Initializing input.
Using Windows.Gaming.Input
<RI> Input initialized.
<RI> Initialized touch support.
[PhysX] Initialized MultithreadedTaskDispatcher with 20 workers.
UnloadTime: 0.858500 ms
Odin Serializer ArchitectureInfo initialization with defaults (all unaligned read/writes disabled).
Odin Serializer detected whitelisted runtime platform WindowsPlayer and memory read test succeeded; enabling all unaligned memory read/writes.
Failed to get description value in mod info.ini file.
D:/xiazai/GAME HOME/Escape from Duckov/Duckov_Data\Mods\【实用】击杀信息显示
0x00007ff80711350d (UnityPlayer) StackWalker::GetCurrentCallstack
0x00007ff807113288 (UnityPlayer) StackWalker::ShowCallstack
0x00007ff8070f9cd9 (UnityPlayer) GetStacktrace
0x00007ff807799e51 (UnityPlayer) DebugStringToFile
0x00007ff80677b105 (UnityPlayer) DebugLogHandler_CUSTOM_Internal_Log
0x000000007e677a73 (Mono JIT Code) (wrapper managed-to-native) UnityEngine.DebugLogHandler:Internal_Log (UnityEngine.LogType,UnityEngine.LogOption,string,UnityEngine.Object)
0x000000007e67776b (Mono JIT Code) UnityEngine.DebugLogHandler:LogFormat (UnityEngine.LogType,UnityEngine.Object,string,object[])
0x000000007e677508 (Mono JIT Code) UnityEngine.Logger:Log (UnityEngine.LogType,object)
0x000000007ebda3fc (Mono JIT Code) UnityEngine.Debug:LogError (object)
0x000000007ebd1f1b (Mono JIT Code) Duckov.Modding.ModManager:TryProcessModFolder (string,Duckov.Modding.ModInfo&,bool,ulong)
0x000000007ebca013 (Mono JIT Code) Duckov.Modding.ModManager:Rescan ()
0x000000007ebc9de3 (Mono JIT Code) Duckov.Modding.SteamWorkshopManager:OnEnable ()
0x0000000077ab34a8 (Mono JIT Code) (wrapper runtime-invoke) object:runtime_invoke_void__this__ (object,intptr,intptr,intptr)
0x00007ff805f34b7e (mono-2.0-bdwgc) mono_jit_set_domain
0x00007ff805e6d204 (mono-2.0-bdwgc) mono_object_get_virtual_method
0x00007ff805e6d37c (mono-2.0-bdwgc) mono_runtime_invoke
0x00007ff806e7fe96 (UnityPlayer) MonoBehaviour::CallMethodIfAvailable
0x00007ff806e83097 (UnityPlayer) MonoBehaviour::AddToManager
0x00007ff806e82a81 (UnityPlayer) MonoBehaviour::AwakeFromLoad
0x00007ff806efdd1f (UnityPlayer) AwakeFromLoadQueue::PersistentManagerAwakeFromLoad_NoChecks
0x00007ff806cdf7db (UnityPlayer) LoadSceneOperation::CompleteAwakeSequence
0x00007ff806cdf257 (UnityPlayer) LoadSceneOperation::IntegrateMainThread
0x00007ff806ce0791 (UnityPlayer) PreloadManager::UpdatePreloadingSingleStep
0x00007ff806ce0b95 (UnityPlayer) PreloadManager::WaitForAllAsyncOperationsToComplete
0x00007ff806f12ea8 (UnityPlayer) PerformDrawSplashscreenLoop
0x00007ff806f13241 (UnityPlayer) PerformMainLoop
0x00007ff806f15dab (UnityPlayer) MainMessageLoop
0x00007ff806f1910b (UnityPlayer) UnityMainImpl
0x00007ff806f193ab (UnityPlayer) UnityMain
0x00007ff79abc11f6 (Duckov) __scrt_common_main_seh
0x00007ff85b03257d (KERNEL32) BaseThreadInitThunk
0x00007ff85ce4af28 (ntdll) RtlUserThreadStart

Sorted mods:
InstantBuildingUpgrade
enemytext
EnemyDetectionMod
EnemyDetectionMod
BattlefieldTypeKillNotice
AutoFishing
KeycardRecordedIndicator
SuperPet
大仓库Mod
KillFeed
WeakerEnemy
DisplayItemValue
NoDurabilityLoss
NoDurabilityLoss
InfinityDurability
ItemLevelAndSearchSoundMod
NoInspectTime
AutoSlowHeal
DisplayCashWithMoney
BulletTime
DeadNoDrop
DisplayTotalReward
EasierLoot
bigInventory
bigInventory
控制台Mod
HarmonyLoadMod
LiteNetLibLoader
鸭科夫联机Mod
BossLiveMapMod
LootAll
Zafkiel
BetterBuff
DashFast
ShopStack99
ShopStack99
BlackMarketRefreshUnlimited
BlackMarketDemanding
MoreLootBox
KangyuPL_IngoreQuestCondMod
ShowInventoryCount
MoreTotem
MoreEnemy
BetterFishing
StrongerEnemy
CFKillFeedback
CFKillFeedback
D:/xiazai/GAME HOME/Escape from Duckov/Duckov_Data/StreamingAssets/Localization
Player Info:
{"role_name":"UNKOWN","profession_type":"ChineseSimplified","gender":"1.0.30","level":"0","b_account_id":"76561197960287930","b_role_id":"1|Rule_StandardChallenge","b_tour_indicator":"0","b_zone_id":"CN","b_sdk_uid":"Steam|Win32NT"}
Unloading 6 Unused Serialized files (Serialized files now loaded: 0)
Failed to get description value in mod info.ini file.
D:/xiazai/GAME HOME/Escape from Duckov/Duckov_Data\Mods\【实用】击杀信息显示
0x00007ff80711350d (UnityPlayer) StackWalker::GetCurrentCallstack
0x00007ff807113288 (UnityPlayer) StackWalker::ShowCallstack
0x00007ff8070f9cd9 (UnityPlayer) GetStacktrace
0x00007ff807799e51 (UnityPlayer) DebugStringToFile
0x00007ff80677b105 (UnityPlayer) DebugLogHandler_CUSTOM_Internal_Log
0x000000007e677a73 (Mono JIT Code) (wrapper managed-to-native) UnityEngine.DebugLogHandler:Internal_Log (UnityEngine.LogType,UnityEngine.LogOption,string,UnityEngine.Object)
0x000000007e67776b (Mono JIT Code) UnityEngine.DebugLogHandler:LogFormat (UnityEngine.LogType,UnityEngine.Object,string,object[])
0x000000007e677508 (Mono JIT Code) UnityEngine.Logger:Log (UnityEngine.LogType,object)
0x000000007ebda3fc (Mono JIT Code) UnityEngine.Debug:LogError (object)
0x000000007ebd1f1b (Mono JIT Code) Duckov.Modding.ModManager:TryProcessModFolder (string,Duckov.Modding.ModInfo&,bool,ulong)
0x000000007ebca013 (Mono JIT Code) Duckov.Modding.ModManager:Rescan ()
0x000000024775ccf3 (Mono JIT Code) Duckov.Modding.ModManager:ScanAndActivateMods ()
0x000000024775c8cb (Mono JIT Code) Duckov.Modding.SteamWorkshopManager:OnSteamUGCQueryCompleted (Steamworks.SteamUGCQueryCompleted_t,bool)
0x000000024775c3db (Mono JIT Code) Steamworks.CallResult`1<Steamworks.SteamUGCQueryCompleted_t>:OnRunCallResult (intptr,bool,ulong)
0x000000024775b057 (Mono JIT Code) Steamworks.CallbackDispatcher:RunFrame (bool)
0x000000024775ab1b (Mono JIT Code) Steamworks.SteamAPI:RunCallbacks ()
0x000000024775aaab (Mono JIT Code) SteamManager:Update ()
0x0000000077ab34a8 (Mono JIT Code) (wrapper runtime-invoke) object:runtime_invoke_void__this__ (object,intptr,intptr,intptr)
0x00007ff805f34b7e (mono-2.0-bdwgc) mono_jit_set_domain
0x00007ff805e6d204 (mono-2.0-bdwgc) mono_object_get_virtual_method
0x00007ff805e6d37c (mono-2.0-bdwgc) mono_runtime_invoke
0x00007ff806e7fe96 (UnityPlayer) MonoBehaviour::CallMethodIfAvailable
0x00007ff806e7ffd1 (UnityPlayer) MonoBehaviour::CallUpdateMethod
0x00007ff806b50d20 (UnityPlayer) BaseBehaviourManager::CommonUpdate<BehaviourManager>
0x00007ff806cbf778 (UnityPlayer) ExecutePlayerLoop
0x00007ff806cbf964 (UnityPlayer) ExecutePlayerLoop
0x00007ff806cbfe82 (UnityPlayer) PlayerLoop
0x00007ff806f133db (UnityPlayer) PerformMainLoop
0x00007ff806f15dab (UnityPlayer) MainMessageLoop
0x00007ff806f1910b (UnityPlayer) UnityMainImpl
0x00007ff806f193ab (UnityPlayer) UnityMain
0x00007ff79abc11f6 (Duckov) __scrt_common_main_seh
0x00007ff85b03257d (KERNEL32) BaseThreadInitThunk
0x00007ff85ce4af28 (ntdll) RtlUserThreadStart

Sorted mods:
InstantBuildingUpgrade
enemytext
EnemyDetectionMod
EnemyDetectionMod
BattlefieldTypeKillNotice
AutoFishing
KeycardRecordedIndicator
SuperPet
大仓库Mod
KillFeed
WeakerEnemy
DisplayItemValue
NoDurabilityLoss
NoDurabilityLoss
InfinityDurability
ItemLevelAndSearchSoundMod
NoInspectTime
AutoSlowHeal
DisplayCashWithMoney
BulletTime
DeadNoDrop
DisplayTotalReward
EasierLoot
bigInventory
bigInventory
控制台Mod
HarmonyLoadMod
LiteNetLibLoader
鸭科夫联机Mod
BossLiveMapMod
LootAll
Zafkiel
BetterBuff
DashFast
ShopStack99
ShopStack99
BlackMarketRefreshUnlimited
BlackMarketDemanding
MoreLootBox
KangyuPL_IngoreQuestCondMod
ShowInventoryCount
MoreTotem
MoreEnemy
BetterFishing
StrongerEnemy
CFKillFeedback
CFKillFeedback
ModActive_InstantBuildingUpgrade: False
ModActive_enemytext: True
Loading mod dll at path: D:/xiazai/GAME HOME/Escape from Duckov/Duckov_Data\Mods\【语音】三角洲人机发现玩家播报\enemytext.dll
[EnemyReloadText] 配置文件: D:\xiazai\GAME HOME\Escape from Duckov\Duckov_Data\Mods\【语音】三角洲人机发现玩家播报\EnemyReloadTextMod.cfg
[EnemyReloadText] 敌人换弹语音MOD初始化完成
Mod Loaded: enemytext
ModActive_EnemyDetectionMod: False
ModActive_EnemyDetectionMod: False
ModActive_BattlefieldTypeKillNotice: True
Loading mod dll at path: D:/xiazai/GAME HOME/Escape from Duckov/Duckov_Data\Mods\【音效】战地击杀音效\BattlefieldTypeKillNotice.dll
Mod Loaded: BattlefieldTypeKillNotice
[BattlefieldTypeKillNoticeMod]Load config complete. Config: {"Volume":0.5,"ShowIcons":true,"IconType":0,"IconSize":100,"IconDuration":3.0,"IconSpacing":100,"XOffset":0,"YOffset":0,"TextXOffset":0,"TextYOffset":0,"UseLocalResource":false}
[BattlefieldTypeKillNoticeMod]Start load audio resources.
[BattlefieldTypeKillNoticeMod]Try load Normal.wav
[BattlefieldTypeKillNoticeMod]Loaded Normal.wav.
[BattlefieldTypeKillNoticeMod]Try load Normal.png
[BattlefieldTypeKillNoticeMod]Loaded Normal.png
[BattlefieldTypeKillNoticeMod]Try load Normal_circle.png
[BattlefieldTypeKillNoticeMod]Loaded Normal_circle.png
[BattlefieldTypeKillNoticeMod]Try load Headshot.wav
[BattlefieldTypeKillNoticeMod]Loaded Headshot.wav.
[BattlefieldTypeKillNoticeMod]Try load Headshot.png
[BattlefieldTypeKillNoticeMod]Loaded Headshot.png
[BattlefieldTypeKillNoticeMod]Try load Headshot_circle.png
[BattlefieldTypeKillNoticeMod]Loaded Headshot_circle.png
[BattlefieldTypeKillNoticeMod]Load All Resources Complete.
ModActive_AutoFishing: False
ModActive_KeycardRecordedIndicator: True
Loading mod dll at path: D:/xiazai/GAME HOME/Escape from Duckov/Duckov_Data\Mods\【功能】钥匙标识\KeycardRecordedIndicator.dll
[已录入钥匙标识] Loaded!!!
[已录入钥匙标识] OnEnable
Fallback handler could not load library D:/xiazai/GAME HOME/Escape from Duckov/Duckov_Data/MonoBleedingEdge/data-0000000246A10020.dll
Fallback handler could not load library D:/xiazai/GAME HOME/Escape from Duckov/Duckov_Data/MonoBleedingEdge/data-0000000247028260.dll
[已录入钥匙标识] Harmony patches applied successfully
Mod Loaded: KeycardRecordedIndicator
ModActive_SuperPet: False
ModActive_大仓库Mod: False
ModActive_KillFeed: False
ModActive_WeakerEnemy: False
ModActive_DisplayItemValue: False
ModActive_NoDurabilityLoss: False
ModActive_NoDurabilityLoss: False
ModActive_InfinityDurability: False
ModActive_ItemLevelAndSearchSoundMod: True
Loading mod dll at path: D:/xiazai/GAME HOME/Escape from Duckov/Duckov_Data\Mods\【实用】物品稀有度颜色显示\ItemLevelAndSearchSoundMod.dll
ItemLevelAndSearchSoundMod OnEnable
Mod Loaded: ItemLevelAndSearchSoundMod
ModActive_NoInspectTime: False
ModActive_AutoSlowHeal: False
ModActive_DisplayCashWithMoney: False
ModActive_BulletTime: False
ModActive_DeadNoDrop: False
ModActive_DisplayTotalReward: True
Loading mod dll at path: D:/xiazai/GAME HOME/Escape from Duckov/Duckov_Data\Mods\【功能】本局收益总计\DisplayTotalReward.dll
ItemLevelAndSearchSoundMod OnEnable
Mod Loaded: DisplayTotalReward
ModActive_EasierLoot: False
ModActive_bigInventory: False
ModActive_bigInventory: False
ModActive_控制台Mod: False
ModActive_HarmonyLoadMod: False
ModActive_LiteNetLibLoader: False
ModActive_鸭科夫联机Mod: False
ModActive_BossLiveMapMod: False
ModActive_LootAll: False
ModActive_Zafkiel: False
ModActive_BetterBuff: False
ModActive_DashFast: False
ModActive_ShopStack99: False
ModActive_ShopStack99: False
ModActive_BlackMarketRefreshUnlimited: False
ModActive_BlackMarketDemanding: False
ModActive_MoreLootBox: False
ModActive_KangyuPL_IngoreQuestCondMod: False
ModActive_ShowInventoryCount: False
ModActive_MoreTotem: False
ModActive_MoreEnemy: False
ModActive_BetterFishing: True
Loading mod dll at path: D:/xiazai/GAME HOME/Escape from Duckov/Duckov_Data\Mods\【功能】更好的钓鱼\BetterFishing.dll
Fallback handler could not load library D:/xiazai/GAME HOME/Escape from Duckov/Duckov_Data/MonoBleedingEdge/data-000000026ECB2040.dll
Mod Loaded: BetterFishing
ModActive_StrongerEnemy: False
ModActive_CFKillFeedback: False
ModActive_CFKillFeedback: False
UnloadTime: 0.670600 ms
Unloading 55 unused Assets to reduce memory usage. Loaded Objects now: 98841.
Total: 55.239000 ms (FindLiveObjects: 3.173800 ms CreateObjectMapping: 3.967100 ms MarkObjects: 47.882200 ms  DeleteObjects: 0.215600 ms)

Failed to get description value in mod info.ini file.
D:/xiazai/GAME HOME/Escape from Duckov/Duckov_Data\Mods\【实用】击杀信息显示
0x00007ff80711350d (UnityPlayer) StackWalker::GetCurrentCallstack
0x00007ff807113288 (UnityPlayer) StackWalker::ShowCallstack
0x00007ff8070f9cd9 (UnityPlayer) GetStacktrace
0x00007ff807799e51 (UnityPlayer) DebugStringToFile
0x00007ff80677b105 (UnityPlayer) DebugLogHandler_CUSTOM_Internal_Log
0x000000007e677a73 (Mono JIT Code) (wrapper managed-to-native) UnityEngine.DebugLogHandler:Internal_Log (UnityEngine.LogType,UnityEngine.LogOption,string,UnityEngine.Object)
0x000000007e67776b (Mono JIT Code) UnityEngine.DebugLogHandler:LogFormat (UnityEngine.LogType,UnityEngine.Object,string,object[])
0x000000007e677508 (Mono JIT Code) UnityEngine.Logger:Log (UnityEngine.LogType,object)
0x000000007ebda3fc (Mono JIT Code) UnityEngine.Debug:LogError (object)
0x000000007ebd1f1b (Mono JIT Code) Duckov.Modding.ModManager:TryProcessModFolder (string,Duckov.Modding.ModInfo&,bool,ulong)
0x000000007ebca013 (Mono JIT Code) Duckov.Modding.ModManager:Rescan ()
0x000000029eab4433 (Mono JIT Code) Duckov.Modding.UI.ModManagerUI:OnEnable ()
0x0000000077ab34a8 (Mono JIT Code) (wrapper runtime-invoke) object:runtime_invoke_void__this__ (object,intptr,intptr,intptr)
0x00007ff805f34b7e (mono-2.0-bdwgc) mono_jit_set_domain
0x00007ff805e6d204 (mono-2.0-bdwgc) mono_object_get_virtual_method
0x00007ff805e6d37c (mono-2.0-bdwgc) mono_runtime_invoke
0x00007ff806e7fe96 (UnityPlayer) MonoBehaviour::CallMethodIfAvailable
0x00007ff806e83097 (UnityPlayer) MonoBehaviour::AddToManager
0x00007ff806e82a81 (UnityPlayer) MonoBehaviour::AwakeFromLoad
0x00007ff806efdf6a (UnityPlayer) AwakeFromLoadQueue::AwakeFromLoadAllQueues
0x00007ff806a75b72 (UnityPlayer) GameObject::ActivateAwakeRecursively
0x00007ff806a76205 (UnityPlayer) GameObject::Activate
0x00007ff8067fdd98 (UnityPlayer) GameObject_CUSTOM_SetActive
0x000000007ff366fc (Mono JIT Code) (wrapper managed-to-native) UnityEngine.GameObject:SetActive (UnityEngine.GameObject,bool)
0x000000029e8a311b (Mono JIT Code) UnityEngine.Timeline.ActivationMixerPlayable:ProcessFrame (UnityEngine.Playables.Playable,UnityEngine.Playables.FrameData,object)
0x000000029e8a330b (Mono JIT Code) (wrapper runtime-invoke) <Module>:runtime_invoke_void__this___Playable_FrameData_object (object,intptr,intptr,intptr)
0x00007ff805f34b7e (mono-2.0-bdwgc) mono_jit_set_domain
0x00007ff805e6d204 (mono-2.0-bdwgc) mono_object_get_virtual_method
0x00007ff805e6d37c (mono-2.0-bdwgc) mono_runtime_invoke
0x00007ff806e6a16a (UnityPlayer) Playable::Process
0x00007ff806bfaaae (UnityPlayer) Playable::ProcessVisitor
0x00007ff806bfafa8 (UnityPlayer) PostOrderPlayableTraverser::Traverse
0x00007ff806bfb0e7 (UnityPlayer) PostOrderPlayableTraverser::RecursiveVisit
0x00007ff806bfaebe (UnityPlayer) PostOrderPlayableTraverser::Traverse
0x00007ff806e70a5d (UnityPlayer) ScriptPlayableOutput::ScriptProcessFrame
0x00007ff806e6d8da (UnityPlayer) DirectorManager::ExecuteStage
0x00007ff806cbf778 (UnityPlayer) ExecutePlayerLoop
0x00007ff806cbf964 (UnityPlayer) ExecutePlayerLoop
0x00007ff806cbfe82 (UnityPlayer) PlayerLoop
0x00007ff806f133db (UnityPlayer) PerformMainLoop
0x00007ff806f15dab (UnityPlayer) MainMessageLoop
0x00007ff806f1910b (UnityPlayer) UnityMainImpl
0x00007ff806f193ab (UnityPlayer) UnityMain
0x00007ff79abc11f6 (Duckov) __scrt_common_main_seh
0x00007ff85b03257d (KERNEL32) BaseThreadInitThunk
0x00007ff85ce4af28 (ntdll) RtlUserThreadStart

Sorted mods:
InstantBuildingUpgrade
enemytext
EnemyDetectionMod
EnemyDetectionMod
BattlefieldTypeKillNotice
AutoFishing
KeycardRecordedIndicator
SuperPet
大仓库Mod
KillFeed
WeakerEnemy
DisplayItemValue
NoDurabilityLoss
NoDurabilityLoss
InfinityDurability
ItemLevelAndSearchSoundMod
NoInspectTime
AutoSlowHeal
DisplayCashWithMoney
BulletTime
DeadNoDrop
DisplayTotalReward
EasierLoot
bigInventory
bigInventory
控制台Mod
HarmonyLoadMod
LiteNetLibLoader
鸭科夫联机Mod
BossLiveMapMod
LootAll
Zafkiel
BetterBuff
DashFast
ShopStack99
ShopStack99
BlackMarketRefreshUnlimited
BlackMarketDemanding
MoreLootBox
KangyuPL_IngoreQuestCondMod
ShowInventoryCount
MoreTotem
MoreEnemy
BetterFishing
StrongerEnemy
CFKillFeedback
CFKillFeedback
OnAfterLevelInitialized
Unloading 10 Unused Serialized files (Serialized files now loaded: 0)
UnloadTime: 26.412600 ms
Unloading 545 unused Assets to reduce memory usage. Loaded Objects now: 88000.
Total: 65.764600 ms (FindLiveObjects: 2.618900 ms CreateObjectMapping: 3.866700 ms MarkObjects: 56.604900 ms  DeleteObjects: 2.673600 ms)

GL.End requires material.SetPass before!
0x00007ff80711350d (UnityPlayer) StackWalker::GetCurrentCallstack
0x00007ff807113288 (UnityPlayer) StackWalker::ShowCallstack
0x00007ff8070f9cd9 (UnityPlayer) GetStacktrace
0x00007ff807799e51 (UnityPlayer) DebugStringToFile
0x00007ff806e4dc56 (UnityPlayer) DrawImmediate::FlushBuffer
0x00007ff8077cdaf7 (UnityPlayer) GfxDeviceWorker::RunCommand
0x00007ff8077c82ae (UnityPlayer) GfxDeviceWorker::RunExt
0x00007ff8077c81f7 (UnityPlayer) GfxDeviceWorker::RunGfxDeviceWorker
0x00007ff806db9d6c (UnityPlayer) Thread::RunThreadWrapper
0x00007ff85b03257d (KERNEL32) BaseThreadInitThunk
0x00007ff85ce4af28 (ntdll) RtlUserThreadStart

New boot
[Level Initialization] Starting up...
[Level Initialization] Invoking Beginning Event...
[Level Initialization] Setting up rule...
Rule is:生存,Recoil:1
[Level Initialization] Getting location...
[Level Initialization] Creating location info...
[Level Initialization] Setting start position...
[Level Initialization] Creating character at location...
Error: Index was out of range. Must be non-negative and less than the size of the collection.
Parameter name: startIndex
[Level Initialization] Teleporting to location...
[Level Initialization] Opening ears
[Level Initialization] Hearing Ambient
[Level Initialization] Hearing Buses
[Level Initialization] Spawning item for task
[Level Initialization] Spawning prefabs for task
[Level Initialization] Spawning item for task
[Level Initialization] Reach location task caching
[Level Initialization] Spawning item for task
[Level Initialization] Spawning prefabs for task
[Level Initialization] Reach location task caching
[Level Initialization] Spawning prefabs for task
[Level Initialization] Spawning item for task
[Level Initialization] Spawning prefabs for task
[Level Initialization] Spawning prefabs for task
[Level Initialization] Spawning item for task
[Level Initialization] Spawning item for task
[Level Initialization] Spawning prefabs for task
[Level Initialization] Spawning prefabs for task
[Level Initialization] Spawning prefabs for task
[Level Initialization] Spawning item for task
[Level Initialization] Spawning item for task
[Level Initialization] Spawning prefabs for task
[Level Initialization] Spawning prefabs for task
[Level Initialization] Spawning item for task
[Level Initialization] Spawning item for task
[Level Initialization] Spawning item for task
[Level Initialization] Spawning prefabs for task
[Level Initialization] Spawning prefabs for task
[Level Initialization] Spawning prefabs for task
[Level Initialization] Spawning prefabs for task
[Level Initialization] Spawning prefabs for task
[Level Initialization] Spawning prefabs for task
[Level Initialization] Spawning prefabs for task
[Level Initialization] Spawning prefabs for task
[Level Initialization] Spawning item for task
[Level Initialization] Spawning prefabs for task
[Level Initialization] Spawning prefabs for task
[Level Initialization] Spawning prefabs for task
[Level Initialization] Spawning prefabs for task
[Level Initialization] Spawning item for task
[Level Initialization] Spawning prefabs for task
[Level Initialization] Spawning item for task
[Level Initialization] Spawning item for task
[Level Initialization] Spawning item for task
[Level Initialization] Spawning item for task
[Level Initialization] Spawning prefabs for task
[Level Initialization] Spawning item for task
[Level Initialization] Spawning bodies
[Level Initialization] Setting up character status...
[Level Initialization] Setting up pet...
Error: Index was out of range. Must be non-negative and less than the size of the collection.
Parameter name: startIndex
[Level Initialization] Setting character items...
[Level Initialization] Waiting for other initialization...
[Level Initialization] Handling raid initialization...
[Level Initialization] Invoking initialized event...
[Level Initialization] Healing...
[Level Initialization] Spawing exits...
[Level Initialization] Creating map element...
[Level Initialization] Setting character position...
Load bool:StormZone_GetHardDrive  value:False
Error: Index was out of range. Must be non-negative and less than the size of the collection.
Parameter name: startIndex
Error: Index was out of range. Must be non-negative and less than the size of the collection.
Parameter name: startIndex
Error: Index was out of range. Must be non-negative and less than the size of the collection.
Parameter name: startIndex
Error: Index was out of range. Must be non-negative and less than the size of the collection.
Parameter name: startIndex
Error: Index was out of range. Must be non-negative and less than the size of the collection.
Parameter name: startIndex
Error: Index was out of range. Must be non-negative and less than the size of the collection.
Parameter name: startIndex
Error: Index was out of range. Must be non-negative and less than the size of the collection.
Parameter name: startIndex
[Level Initialization] Done!
Quitting
[已录入钥匙标识] OnDisable
[已录入钥匙标识] Harmony patches removed successfully
[已录入钥匙标识] All indicators cleared
[已录入钥匙标识] OnDestroy
Input System module state changed to: ShutdownInProgress.
Input System polling thread exited.
Input System module state changed to: Shutdown.
Memory Statistics:
[ALLOC_TEMP_TLS] TLS Allocator
  StackAllocators : 
    [ALLOC_TEMP_MAIN]
      Peak usage frame count: [128.0 KB-256.0 KB]: 2196 frames, [256.0 KB-0.5 MB]: 2133 frames, [0.5 MB-1.0 MB]: 610 frames, [1.0 MB-2.0 MB]: 76 frames, [4.0 MB-8.0 MB]: 4 frames
      Initial Block Size 4.0 MB
      Current Block Size 7.8 MB
      Peak Allocated Bytes 7.7 MB
      Overflow Count 76
    [ALLOC_TEMP_Job.Worker 18]
      Initial Block Size 256.0 KB
      Current Block Size 256.0 KB
      Peak Allocated Bytes 131.7 KB
      Overflow Count 0
    [ALLOC_TEMP_Loading.PreloadManager]
      Initial Block Size 256.0 KB
      Current Block Size 0.5 MB
      Peak Allocated Bytes 370.2 KB
      Overflow Count 80
    [ALLOC_TEMP_Background Job.Worker 8]
      Initial Block Size 32.0 KB
      Current Block Size 32.0 KB
      Peak Allocated Bytes 54 B
      Overflow Count 0
    [ALLOC_TEMP_Background Job.Worker 10]
      Initial Block Size 32.0 KB
      Current Block Size 32.0 KB
      Peak Allocated Bytes 54 B
      Overflow Count 0
    [ALLOC_TEMP_Job.Worker 16]
      Initial Block Size 256.0 KB
      Current Block Size 260.0 KB
      Peak Allocated Bytes 136.7 KB
      Overflow Count 0
    [ALLOC_TEMP_Background Job.Worker 6]
      Initial Block Size 32.0 KB
      Current Block Size 32.0 KB
      Peak Allocated Bytes 54 B
      Overflow Count 0
    [ALLOC_TEMP_Job.Worker 4]
      Initial Block Size 256.0 KB
      Current Block Size 260.0 KB
      Peak Allocated Bytes 136.7 KB
      Overflow Count 0
    [ALLOC_TEMP_Job.Worker 14]
      Initial Block Size 256.0 KB
      Current Block Size 256.0 KB
      Peak Allocated Bytes 35.4 KB
      Overflow Count 0
    [ALLOC_TEMP_Job.Worker 17]
      Initial Block Size 256.0 KB
      Current Block Size 256.0 KB
      Peak Allocated Bytes 131.6 KB
      Overflow Count 0
    [ALLOC_TEMP_Job.Worker 3]
      Initial Block Size 256.0 KB
      Current Block Size 260.0 KB
      Peak Allocated Bytes 136.7 KB
      Overflow Count 0
    [ALLOC_TEMP_Background Job.Worker 12]
      Initial Block Size 32.0 KB
      Current Block Size 32.0 KB
      Peak Allocated Bytes 54 B
      Overflow Count 0
    [ALLOC_TEMP_Background Job.Worker 1]
      Initial Block Size 32.0 KB
      Current Block Size 32.0 KB
      Peak Allocated Bytes 54 B
      Overflow Count 0
    [ALLOC_TEMP_AssetGarbageCollectorHelper] x 19
      Initial Block Size 64.0 KB
      Current Block Size 64.0 KB
      Peak Allocated Bytes 138 B
      Overflow Count 0
    [ALLOC_TEMP_Background Job.Worker 5]
      Initial Block Size 32.0 KB
      Current Block Size 32.0 KB
      Peak Allocated Bytes 54 B
      Overflow Count 0
    [ALLOC_TEMP_Background Job.Worker 13]
      Initial Block Size 32.0 KB
      Current Block Size 32.0 KB
      Peak Allocated Bytes 54 B
      Overflow Count 0
    [ALLOC_TEMP_Background Job.Worker 11]
      Initial Block Size 32.0 KB
      Current Block Size 32.0 KB
      Peak Allocated Bytes 54 B
      Overflow Count 0
    [ALLOC_TEMP_Job.Worker 2]
      Initial Block Size 256.0 KB
      Current Block Size 260.0 KB
      Peak Allocated Bytes 136.7 KB
      Overflow Count 0
    [ALLOC_TEMP_Background Job.Worker 3]
      Initial Block Size 32.0 KB
      Current Block Size 32.0 KB
      Peak Allocated Bytes 54 B
      Overflow Count 0
    [ALLOC_TEMP_Background Job.Worker 0]
      Initial Block Size 32.0 KB
      Current Block Size 32.0 KB
      Peak Allocated Bytes 54 B
      Overflow Count 0
    [ALLOC_TEMP_HIDInput]
      Initial Block Size 64.0 KB
      Current Block Size 64.0 KB
      Peak Allocated Bytes 10.8 KB
      Overflow Count 0
    [ALLOC_TEMP_Job.Worker 11]
      Initial Block Size 256.0 KB
      Current Block Size 256.0 KB
      Peak Allocated Bytes 131.7 KB
      Overflow Count 0
    [ALLOC_TEMP_Background Job.Worker 4]
      Initial Block Size 32.0 KB
      Current Block Size 32.0 KB
      Peak Allocated Bytes 54 B
      Overflow Count 0
    [ALLOC_TEMP_BatchDeleteObjects]
      Initial Block Size 64.0 KB
      Current Block Size 64.0 KB
      Peak Allocated Bytes 54 B
      Overflow Count 0
    [ALLOC_TEMP_Job.Worker 6]
      Initial Block Size 256.0 KB
      Current Block Size 260.0 KB
      Peak Allocated Bytes 136.7 KB
      Overflow Count 0
    [ALLOC_TEMP_Job.Worker 0]
      Initial Block Size 256.0 KB
      Current Block Size 260.0 KB
      Peak Allocated Bytes 136.7 KB
      Overflow Count 0
    [ALLOC_TEMP_Background Job.Worker 9]
      Initial Block Size 32.0 KB
      Current Block Size 32.0 KB
      Peak Allocated Bytes 54 B
      Overflow Count 0
    [ALLOC_TEMP_Job.Worker 5]
      Initial Block Size 256.0 KB
      Current Block Size 260.0 KB
      Peak Allocated Bytes 136.7 KB
      Overflow Count 0
    [ALLOC_TEMP_Background Job.Worker 14]
      Initial Block Size 32.0 KB
      Current Block Size 32.0 KB
      Peak Allocated Bytes 54 B
      Overflow Count 0
    [ALLOC_TEMP_Job.Worker 13]
      Initial Block Size 256.0 KB
      Current Block Size 260.0 KB
      Peak Allocated Bytes 136.7 KB
      Overflow Count 0
    [ALLOC_TEMP_EnlightenWorker] x 5
      Initial Block Size 64.0 KB
      Current Block Size 64.0 KB
      Peak Allocated Bytes 54 B
      Overflow Count 0
    [ALLOC_TEMP_Background Job.Worker 15]
      Initial Block Size 32.0 KB
      Current Block Size 32.0 KB
      Peak Allocated Bytes 54 B
      Overflow Count 0
    [ALLOC_TEMP_Background Job.Worker 2]
      Initial Block Size 32.0 KB
      Current Block Size 32.0 KB
      Peak Allocated Bytes 54 B
      Overflow Count 0
    [ALLOC_TEMP_Background Job.Worker 7]
      Initial Block Size 32.0 KB
      Current Block Size 32.0 KB
      Peak Allocated Bytes 54 B
      Overflow Count 0
    [ALLOC_TEMP_UnityGfxDeviceWorker]
      Initial Block Size 256.0 KB
      Current Block Size 256.0 KB
      Peak Allocated Bytes 46.5 KB
      Overflow Count 0
    [ALLOC_TEMP_Job.Worker 9]
      Initial Block Size 256.0 KB
      Current Block Size 260.0 KB
      Peak Allocated Bytes 136.7 KB
      Overflow Count 0
    [ALLOC_TEMP_Job.Worker 8]
      Initial Block Size 256.0 KB
      Current Block Size 256.0 KB
      Peak Allocated Bytes 34.6 KB
      Overflow Count 0
    [ALLOC_TEMP_Job.Worker 7]
      Initial Block Size 256.0 KB
      Current Block Size 256.0 KB
      Peak Allocated Bytes 131.2 KB
      Overflow Count 0
    [ALLOC_TEMP_Job.Worker 1]
      Initial Block Size 256.0 KB
      Current Block Size 260.0 KB
      Peak Allocated Bytes 136.7 KB
      Overflow Count 0
    [ALLOC_TEMP_Job.Worker 10]
      Initial Block Size 256.0 KB
      Current Block Size 256.0 KB
      Peak Allocated Bytes 132.0 KB
      Overflow Count 0
    [ALLOC_TEMP_Job.Worker 15]
      Initial Block Size 256.0 KB
      Current Block Size 256.0 KB
      Peak Allocated Bytes 131.6 KB
      Overflow Count 0
    [ALLOC_TEMP_Job.Worker 12]
      Initial Block Size 256.0 KB
      Current Block Size 260.0 KB
      Peak Allocated Bytes 136.7 KB
      Overflow Count 0
    [ALLOC_TEMP_Loading.AsyncRead]
      Initial Block Size 64.0 KB
      Current Block Size 64.0 KB
      Peak Allocated Bytes 246 B
      Overflow Count 0
[ALLOC_DEFAULT] Dual Thread Allocator
  Peak main deferred allocation count 69870
    [ALLOC_BUCKET]
      Large Block size 4.0 MB
      Used Block count 1
      Peak Allocated bytes 4.0 MB
      Failed Allocations. Bucket layout:
        16B: 85 Subsections = 87040 buckets. Failed count: 1235963
        32B: 45 Subsections = 23040 buckets. Failed count: 768839
        48B: 25 Subsections = 8533 buckets. Failed count: 694695
        64B: 22 Subsections = 5632 buckets. Failed count: 111033
        80B: 41 Subsections = 8396 buckets. Failed count: 42787
        96B: 16 Subsections = 2730 buckets. Failed count: 172629
        112B: 13 Subsections = 1901 buckets. Failed count: 27396
        128B: 9 Subsections = 1152 buckets. Failed count: 109829
    [ALLOC_DEFAULT_MAIN]
      Peak usage frame count: [32.0 MB-64.0 MB]: 1564 frames, [64.0 MB-128.0 MB]: 3455 frames
      Requested Block Size 16.0 MB
      Peak Block count 7
      Peak Allocated memory 107.1 MB
      Peak Large allocation bytes 20.0 MB
    [ALLOC_DEFAULT_THREAD]
      Peak usage frame count: [16.0 MB-32.0 MB]: 1565 frames, [32.0 MB-64.0 MB]: 3454 frames
      Requested Block Size 16.0 MB
      Peak Block count 2
      Peak Allocated memory 42.9 MB
      Peak Large allocation bytes 16.0 MB
[ALLOC_TEMP_JOB_1_FRAME]
  Initial Block Size 2.0 MB
  Used Block Count 0
  Overflow Count (too large) 0
  Overflow Count (full) 0
[ALLOC_TEMP_JOB_2_FRAMES]
  Initial Block Size 2.0 MB
  Used Block Count 0
  Overflow Count (too large) 0
  Overflow Count (full) 0
[ALLOC_TEMP_JOB_4_FRAMES (JobTemp)]
  Initial Block Size 2.0 MB
  Used Block Count 1
  Overflow Count (too large) 0
  Overflow Count (full) 0
[ALLOC_TEMP_JOB_ASYNC (Background)]
  Initial Block Size 1.0 MB
  Used Block Count 1
  Overflow Count (too large) 0
  Overflow Count (full) 0
[ALLOC_GFX] Dual Thread Allocator
  Peak main deferred allocation count 251
    [ALLOC_BUCKET]
      Large Block size 4.0 MB
      Used Block count 1
      Peak Allocated bytes 4.0 MB
      Failed Allocations. Bucket layout:
        16B: 85 Subsections = 87040 buckets. Failed count: 1235963
        32B: 45 Subsections = 23040 buckets. Failed count: 768839
        48B: 25 Subsections = 8533 buckets. Failed count: 694695
        64B: 22 Subsections = 5632 buckets. Failed count: 111033
        80B: 41 Subsections = 8396 buckets. Failed count: 42787
        96B: 16 Subsections = 2730 buckets. Failed count: 172629
        112B: 13 Subsections = 1901 buckets. Failed count: 27396
        128B: 9 Subsections = 1152 buckets. Failed count: 109829
    [ALLOC_GFX_MAIN]
      Peak usage frame count: [32.0 MB-64.0 MB]: 4580 frames, [64.0 MB-128.0 MB]: 439 frames
      Requested Block Size 16.0 MB
      Peak Block count 7
      Peak Allocated memory 96.4 MB
      Peak Large allocation bytes 9.0 MB
    [ALLOC_GFX_THREAD]
      Peak usage frame count: [32.0 MB-64.0 MB]: 5019 frames
      Requested Block Size 16.0 MB
      Peak Block count 3
      Peak Allocated memory 37.9 MB
      Peak Large allocation bytes 0 B
[ALLOC_CACHEOBJECTS] Dual Thread Allocator
  Peak main deferred allocation count 75
    [ALLOC_BUCKET]
      Large Block size 4.0 MB
      Used Block count 1
      Peak Allocated bytes 4.0 MB
      Failed Allocations. Bucket layout:
        16B: 85 Subsections = 87040 buckets. Failed count: 1235963
        32B: 45 Subsections = 23040 buckets. Failed count: 768839
        48B: 25 Subsections = 8533 buckets. Failed count: 694695
        64B: 22 Subsections = 5632 buckets. Failed count: 111033
        80B: 41 Subsections = 8396 buckets. Failed count: 42787
        96B: 16 Subsections = 2730 buckets. Failed count: 172629
        112B: 13 Subsections = 1901 buckets. Failed count: 27396
        128B: 9 Subsections = 1152 buckets. Failed count: 109829
    [ALLOC_CACHEOBJECTS_MAIN]
      Peak usage frame count: [128.0 MB-256.0 MB]: 5019 frames
      Requested Block Size 4.0 MB
      Peak Block count 42
      Peak Allocated memory 202.4 MB
      Peak Large allocation bytes 60.7 MB
    [ALLOC_CACHEOBJECTS_THREAD]
      Peak usage frame count: [32.0 MB-64.0 MB]: 5019 frames
      Requested Block Size 4.0 MB
      Peak Block count 9
      Peak Allocated memory 59.1 MB
      Peak Large allocation bytes 28.3 MB
[ALLOC_TYPETREE] Dual Thread Allocator
  Peak main deferred allocation count 0
    [ALLOC_BUCKET]
      Large Block size 4.0 MB
      Used Block count 1
      Peak Allocated bytes 4.0 MB
      Failed Allocations. Bucket layout:
        16B: 85 Subsections = 87040 buckets. Failed count: 1235963
        32B: 45 Subsections = 23040 buckets. Failed count: 768839
        48B: 25 Subsections = 8533 buckets. Failed count: 694695
        64B: 22 Subsections = 5632 buckets. Failed count: 111033
        80B: 41 Subsections = 8396 buckets. Failed count: 42787
        96B: 16 Subsections = 2730 buckets. Failed count: 172629
        112B: 13 Subsections = 1901 buckets. Failed count: 27396
        128B: 9 Subsections = 1152 buckets. Failed count: 109829
    [ALLOC_TYPETREE_MAIN]
      Peak usage frame count: [64.0 KB-128.0 KB]: 1564 frames, [128.0 KB-256.0 KB]: 3455 frames
      Requested Block Size 2.0 MB
      Peak Block count 1
      Peak Allocated memory 142.9 KB
      Peak Large allocation bytes 0 B
    [ALLOC_TYPETREE_THREAD]
      Peak usage frame count: [16.0 KB-32.0 KB]: 675 frames, [32.0 KB-64.0 KB]: 4344 frames
      Requested Block Size 2.0 MB
      Peak Block count 1
      Peak Allocated memory 43.0 KB
      Peak Large allocation bytes 0 B
